// Jest Snapshot v1, https://goo.gl/fbAQLP

exports[`createAngularGradientPolygons creates polygons for an angular gradient 1`] = `
Array [
  Object {
    "fill": "#ffffff",
    "key": 0,
    "points": "0.5,0.5 0.5,-0.5 1.2071067811865475,-0.20710678118654757 1.5,0.49999999999999994",
  },
  Object {
    "fill": "#dbdbdb",
    "key": 0.125,
    "points": "0.5,0.5 1.2071067811865475,-0.20710678118654757 1.5,0.49999999999999994 1.2071067811865475,1.2071067811865475",
  },
  Object {
    "fill": "#b6b6b6",
    "key": 0.25,
    "points": "0.5,0.5 1.5,0.49999999999999994 1.2071067811865475,1.2071067811865475 0.5000000000000001,1.5",
  },
  Object {
    "fill": "#929292",
    "key": 0.375,
    "points": "0.5,0.5 1.2071067811865475,1.2071067811865475 0.5000000000000001,1.5 -0.20710678118654746,1.2071067811865477",
  },
  Object {
    "fill": "#6d6d6d",
    "key": 0.5,
    "points": "0.5,0.5 0.5000000000000001,1.5 -0.20710678118654746,1.2071067811865477 -0.5,0.5000000000000002",
  },
  Object {
    "fill": "#494949",
    "key": 0.625,
    "points": "0.5,0.5 -0.20710678118654746,1.2071067811865477 -0.5,0.5000000000000002 -0.20710678118654768,-0.20710678118654735",
  },
  Object {
    "fill": "#242424",
    "key": 0.75,
    "points": "0.5,0.5 -0.5,0.5000000000000002 -0.20710678118654768,-0.20710678118654735 0.4999999999999998,-0.5",
  },
  Object {
    "fill": "#000000",
    "key": 0.875,
    "points": "0.5,0.5 -0.20710678118654768,-0.20710678118654735 0.4999999999999998,-0.5",
  },
]
`;

exports[`createAngularGradientPolygons creates polygons for tiny slices 1`] = `
Array [
  Object {
    "fill": "#ff0000",
    "key": 0,
    "points": "0.5,0.5 0.5,-0.5 1.1427876096865393,-0.266044443118978 1.4848077530122081,0.3263518223330696 1.3660254037844388,0.9999999999999998 0.8420201433256689,1.4396926207859084",
  },
  Object {
    "fill": "#00ff00",
    "key": 0.3333333333333333,
    "points": "0.5,0.5 1.3660254037844388,0.9999999999999998 0.8420201433256689,1.4396926207859084 0.15797985667433134,1.4396926207859084 -0.3660254037844385,1.0000000000000004 -0.48480775301220824,0.3263518223330709",
  },
  Object {
    "fill": "#0000ff",
    "key": 0.6666666666666666,
    "points": "0.5,0.5 -0.3660254037844385,1.0000000000000004 -0.48480775301220824,0.3263518223330709 -0.14278760968653958,-0.2660444431189778 0.4999999999999998,-0.5",
  },
]
`;
